{"commitInfo":{"timestamp":1717007151419,"operation":"WRITE","operationParameters":{"mode":"Append","partitionBy":"[]"},"readVersion":12,"isolationLevel":"Serializable","isBlindAppend":true,"operationMetrics":{"numFiles":"9","numOutputRows":"9","numOutputBytes":"4301"},"engineInfo":"Apache-Spark/3.5.0 Delta-Lake/3.0.0+logging","txnId":"d3bfb596-ecc9-4fd7-9cd4-3e4390172573"}}
{"add":{"path":"part-00000-70c88dff-74d3-4291-9e16-e1c9ffdc5ef1-c000.snappy.parquet","partitionValues":{},"size":478,"modificationTime":1717007151126,"dataChange":true,"stats":"{\"numRecords\":1,\"minValues\":{\"id\":133},\"maxValues\":{\"id\":133},\"nullCount\":{\"id\":0}}"}}
{"add":{"path":"part-00001-3d1f16a4-f9fd-43af-a32f-3b33a4033f0c-c000.snappy.parquet","partitionValues":{},"size":478,"modificationTime":1717007151126,"dataChange":true,"stats":"{\"numRecords\":1,\"minValues\":{\"id\":132},\"maxValues\":{\"id\":132},\"nullCount\":{\"id\":0}}"}}
{"add":{"path":"part-00002-1b918f2b-501a-4adb-a3f6-a3668dd8b1e9-c000.snappy.parquet","partitionValues":{},"size":478,"modificationTime":1717007151214,"dataChange":true,"stats":"{\"numRecords\":1,\"minValues\":{\"id\":130},\"maxValues\":{\"id\":130},\"nullCount\":{\"id\":0}}"}}
{"add":{"path":"part-00004-77cc85a7-fe01-4452-ae47-e1f60abcbf69-c000.snappy.parquet","partitionValues":{},"size":478,"modificationTime":1717007151214,"dataChange":true,"stats":"{\"numRecords\":1,\"minValues\":{\"id\":135},\"maxValues\":{\"id\":135},\"nullCount\":{\"id\":0}}"}}
{"add":{"path":"part-00005-0a9535e9-539e-4dc0-9711-2ec4249a74ee-c000.snappy.parquet","partitionValues":{},"size":477,"modificationTime":1717007151276,"dataChange":true,"stats":"{\"numRecords\":1,\"minValues\":{\"id\":134},\"maxValues\":{\"id\":134},\"nullCount\":{\"id\":0}}"}}
{"add":{"path":"part-00006-79ed86d2-8bfd-440d-ad09-ee3ddb7a155d-c000.snappy.parquet","partitionValues":{},"size":478,"modificationTime":1717007151276,"dataChange":true,"stats":"{\"numRecords\":1,\"minValues\":{\"id\":136},\"maxValues\":{\"id\":136},\"nullCount\":{\"id\":0}}"}}
{"add":{"path":"part-00007-2720397d-595a-4f2e-bd47-8f20e691f63f-c000.snappy.parquet","partitionValues":{},"size":478,"modificationTime":1717007151338,"dataChange":true,"stats":"{\"numRecords\":1,\"minValues\":{\"id\":137},\"maxValues\":{\"id\":137},\"nullCount\":{\"id\":0}}"}}
{"add":{"path":"part-00008-7aeb777d-bced-4889-88b5-9553c957fa05-c000.snappy.parquet","partitionValues":{},"size":478,"modificationTime":1717007151337,"dataChange":true,"stats":"{\"numRecords\":1,\"minValues\":{\"id\":138},\"maxValues\":{\"id\":138},\"nullCount\":{\"id\":0}}"}}
{"add":{"path":"part-00009-8eb757c0-7763-455b-9f91-51ed58bcd9fc-c000.snappy.parquet","partitionValues":{},"size":478,"modificationTime":1717007151404,"dataChange":true,"stats":"{\"numRecords\":1,\"minValues\":{\"id\":131},\"maxValues\":{\"id\":131},\"nullCount\":{\"id\":0}}"}}
