{"commitInfo":{"timestamp":1717007122034,"operation":"WRITE","operationParameters":{"mode":"Append","partitionBy":"[]"},"readVersion":1,"isolationLevel":"Serializable","isBlindAppend":true,"operationMetrics":{"numFiles":"9","numOutputRows":"9","numOutputBytes":"4302"},"engineInfo":"Apache-Spark/3.5.0 Delta-Lake/3.0.0+logging","txnId":"6f5755aa-94dc-4d64-a13b-3da77f55928f"}}
{"add":{"path":"part-00000-cbb3ed0d-09a6-4e76-b24b-5124ed4599f6-c000.snappy.parquet","partitionValues":{},"size":478,"modificationTime":1717007121556,"dataChange":true,"stats":"{\"numRecords\":1,\"minValues\":{\"id\":20},\"maxValues\":{\"id\":20},\"nullCount\":{\"id\":0}}"}}
{"add":{"path":"part-00001-7c236dae-37bc-460a-8354-9cfd503fa7ef-c000.snappy.parquet","partitionValues":{},"size":478,"modificationTime":1717007121556,"dataChange":true,"stats":"{\"numRecords\":1,\"minValues\":{\"id\":23},\"maxValues\":{\"id\":23},\"nullCount\":{\"id\":0}}"}}
{"add":{"path":"part-00002-3c469290-be1e-404e-bd32-f2395cae53c3-c000.snappy.parquet","partitionValues":{},"size":478,"modificationTime":1717007121645,"dataChange":true,"stats":"{\"numRecords\":1,\"minValues\":{\"id\":21},\"maxValues\":{\"id\":21},\"nullCount\":{\"id\":0}}"}}
{"add":{"path":"part-00004-9b9d84c2-54c4-484c-bdb7-0fa0dac678a1-c000.snappy.parquet","partitionValues":{},"size":478,"modificationTime":1717007121643,"dataChange":true,"stats":"{\"numRecords\":1,\"minValues\":{\"id\":26},\"maxValues\":{\"id\":26},\"nullCount\":{\"id\":0}}"}}
{"add":{"path":"part-00005-2edb5650-18ea-4d5d-b6f4-1bb96005e570-c000.snappy.parquet","partitionValues":{},"size":478,"modificationTime":1717007121842,"dataChange":true,"stats":"{\"numRecords\":1,\"minValues\":{\"id\":28},\"maxValues\":{\"id\":28},\"nullCount\":{\"id\":0}}"}}
{"add":{"path":"part-00006-195f6859-a0e5-44b9-b294-b1258ce41eeb-c000.snappy.parquet","partitionValues":{},"size":478,"modificationTime":1717007121844,"dataChange":true,"stats":"{\"numRecords\":1,\"minValues\":{\"id\":25},\"maxValues\":{\"id\":25},\"nullCount\":{\"id\":0}}"}}
{"add":{"path":"part-00007-c907d114-5077-4df6-9558-7bcc9f69a283-c000.snappy.parquet","partitionValues":{},"size":478,"modificationTime":1717007121919,"dataChange":true,"stats":"{\"numRecords\":1,\"minValues\":{\"id\":24},\"maxValues\":{\"id\":24},\"nullCount\":{\"id\":0}}"}}
{"add":{"path":"part-00008-096057b8-9831-4dee-a9b6-6f687ba266d5-c000.snappy.parquet","partitionValues":{},"size":478,"modificationTime":1717007121924,"dataChange":true,"stats":"{\"numRecords\":1,\"minValues\":{\"id\":27},\"maxValues\":{\"id\":27},\"nullCount\":{\"id\":0}}"}}
{"add":{"path":"part-00009-742025f3-30b4-4c52-8446-7748f71ac0a1-c000.snappy.parquet","partitionValues":{},"size":478,"modificationTime":1717007122016,"dataChange":true,"stats":"{\"numRecords\":1,\"minValues\":{\"id\":22},\"maxValues\":{\"id\":22},\"nullCount\":{\"id\":0}}"}}
