{"commitInfo":{"timestamp":1717007128958,"operation":"WRITE","operationParameters":{"mode":"Append","partitionBy":"[]"},"readVersion":4,"isolationLevel":"Serializable","isBlindAppend":true,"operationMetrics":{"numFiles":"9","numOutputRows":"9","numOutputBytes":"4302"},"engineInfo":"Apache-Spark/3.5.0 Delta-Lake/3.0.0+logging","txnId":"4174adfd-29af-4641-be01-0a6be876088c"}}
{"add":{"path":"part-00000-3ead0bd1-4dd2-422d-8419-ed8521781565-c000.snappy.parquet","partitionValues":{},"size":478,"modificationTime":1717007128642,"dataChange":true,"stats":"{\"numRecords\":1,\"minValues\":{\"id\":50},\"maxValues\":{\"id\":50},\"nullCount\":{\"id\":0}}"}}
{"add":{"path":"part-00001-63437b09-d273-4057-8683-281c77861dac-c000.snappy.parquet","partitionValues":{},"size":478,"modificationTime":1717007128642,"dataChange":true,"stats":"{\"numRecords\":1,\"minValues\":{\"id\":51},\"maxValues\":{\"id\":51},\"nullCount\":{\"id\":0}}"}}
{"add":{"path":"part-00002-df834a12-4e98-4bee-a82b-e1d6cff9077f-c000.snappy.parquet","partitionValues":{},"size":478,"modificationTime":1717007128706,"dataChange":true,"stats":"{\"numRecords\":1,\"minValues\":{\"id\":53},\"maxValues\":{\"id\":53},\"nullCount\":{\"id\":0}}"}}
{"add":{"path":"part-00004-5fff46b2-1f5e-4985-aa76-933c6c1f70da-c000.snappy.parquet","partitionValues":{},"size":478,"modificationTime":1717007128711,"dataChange":true,"stats":"{\"numRecords\":1,\"minValues\":{\"id\":54},\"maxValues\":{\"id\":54},\"nullCount\":{\"id\":0}}"}}
{"add":{"path":"part-00005-2820494a-342f-4be5-b890-0b4345be14bc-c000.snappy.parquet","partitionValues":{},"size":478,"modificationTime":1717007128814,"dataChange":true,"stats":"{\"numRecords\":1,\"minValues\":{\"id\":55},\"maxValues\":{\"id\":55},\"nullCount\":{\"id\":0}}"}}
{"add":{"path":"part-00006-df41b7c8-6df1-4da4-b186-dcf67699b6e4-c000.snappy.parquet","partitionValues":{},"size":478,"modificationTime":1717007128815,"dataChange":true,"stats":"{\"numRecords\":1,\"minValues\":{\"id\":56},\"maxValues\":{\"id\":56},\"nullCount\":{\"id\":0}}"}}
{"add":{"path":"part-00007-d50db264-d55e-43ce-b92d-c845994ebf65-c000.snappy.parquet","partitionValues":{},"size":478,"modificationTime":1717007128880,"dataChange":true,"stats":"{\"numRecords\":1,\"minValues\":{\"id\":57},\"maxValues\":{\"id\":57},\"nullCount\":{\"id\":0}}"}}
{"add":{"path":"part-00008-e55638d3-21bb-469e-972f-456c504d4e6e-c000.snappy.parquet","partitionValues":{},"size":478,"modificationTime":1717007128883,"dataChange":true,"stats":"{\"numRecords\":1,\"minValues\":{\"id\":58},\"maxValues\":{\"id\":58},\"nullCount\":{\"id\":0}}"}}
{"add":{"path":"part-00009-e56cc9c3-a233-4d72-a88b-6ddd5d69f787-c000.snappy.parquet","partitionValues":{},"size":478,"modificationTime":1717007128945,"dataChange":true,"stats":"{\"numRecords\":1,\"minValues\":{\"id\":52},\"maxValues\":{\"id\":52},\"nullCount\":{\"id\":0}}"}}
