{"commitInfo":{"timestamp":1717007138069,"operation":"WRITE","operationParameters":{"mode":"Append","partitionBy":"[]"},"readVersion":8,"isolationLevel":"Serializable","isBlindAppend":true,"operationMetrics":{"numFiles":"9","numOutputRows":"9","numOutputBytes":"4301"},"engineInfo":"Apache-Spark/3.5.0 Delta-Lake/3.0.0+logging","txnId":"a7485eed-154a-46f9-9228-6d2532fecdb1"}}
{"add":{"path":"part-00000-e47bf5fc-e284-4515-bf16-77b149c9202c-c000.snappy.parquet","partitionValues":{},"size":478,"modificationTime":1717007137792,"dataChange":true,"stats":"{\"numRecords\":1,\"minValues\":{\"id\":91},\"maxValues\":{\"id\":91},\"nullCount\":{\"id\":0}}"}}
{"add":{"path":"part-00001-43c6479a-6479-4d58-ba74-d433eb031bdc-c000.snappy.parquet","partitionValues":{},"size":478,"modificationTime":1717007137792,"dataChange":true,"stats":"{\"numRecords\":1,\"minValues\":{\"id\":92},\"maxValues\":{\"id\":92},\"nullCount\":{\"id\":0}}"}}
{"add":{"path":"part-00002-09d92127-75aa-471a-8f17-6c9b74321ef0-c000.snappy.parquet","partitionValues":{},"size":478,"modificationTime":1717007137883,"dataChange":true,"stats":"{\"numRecords\":1,\"minValues\":{\"id\":93},\"maxValues\":{\"id\":93},\"nullCount\":{\"id\":0}}"}}
{"add":{"path":"part-00004-8c1374c4-cf58-4250-b580-982a4005b982-c000.snappy.parquet","partitionValues":{},"size":478,"modificationTime":1717007137886,"dataChange":true,"stats":"{\"numRecords\":1,\"minValues\":{\"id\":95},\"maxValues\":{\"id\":95},\"nullCount\":{\"id\":0}}"}}
{"add":{"path":"part-00005-e7f14b92-d2c7-42e6-a83f-20cc47b39b0b-c000.snappy.parquet","partitionValues":{},"size":478,"modificationTime":1717007137947,"dataChange":true,"stats":"{\"numRecords\":1,\"minValues\":{\"id\":97},\"maxValues\":{\"id\":97},\"nullCount\":{\"id\":0}}"}}
{"add":{"path":"part-00006-b1e4fd49-1beb-417c-bc4a-e73bc40dbc24-c000.snappy.parquet","partitionValues":{},"size":477,"modificationTime":1717007137947,"dataChange":true,"stats":"{\"numRecords\":1,\"minValues\":{\"id\":98},\"maxValues\":{\"id\":98},\"nullCount\":{\"id\":0}}"}}
{"add":{"path":"part-00007-2b17cea5-5f96-4da8-abd0-e36a6b1397ae-c000.snappy.parquet","partitionValues":{},"size":478,"modificationTime":1717007138003,"dataChange":true,"stats":"{\"numRecords\":1,\"minValues\":{\"id\":94},\"maxValues\":{\"id\":94},\"nullCount\":{\"id\":0}}"}}
{"add":{"path":"part-00008-d146fe93-8640-40ba-9a41-06c8f8e181fd-c000.snappy.parquet","partitionValues":{},"size":478,"modificationTime":1717007138004,"dataChange":true,"stats":"{\"numRecords\":1,\"minValues\":{\"id\":96},\"maxValues\":{\"id\":96},\"nullCount\":{\"id\":0}}"}}
{"add":{"path":"part-00009-7182c336-1cd1-4ed4-a503-585c0add1c00-c000.snappy.parquet","partitionValues":{},"size":478,"modificationTime":1717007138060,"dataChange":true,"stats":"{\"numRecords\":1,\"minValues\":{\"id\":90},\"maxValues\":{\"id\":90},\"nullCount\":{\"id\":0}}"}}
