{"commitInfo":{"timestamp":1717007131591,"operation":"WRITE","operationParameters":{"mode":"Append","partitionBy":"[]"},"readVersion":5,"isolationLevel":"Serializable","isBlindAppend":true,"operationMetrics":{"numFiles":"9","numOutputRows":"9","numOutputBytes":"4300"},"engineInfo":"Apache-Spark/3.5.0 Delta-Lake/3.0.0+logging","txnId":"afceee1a-63e2-44de-bc27-9f2a170dfa6a"}}
{"add":{"path":"part-00000-29006c02-b81e-42ba-a080-2016fbce865c-c000.snappy.parquet","partitionValues":{},"size":478,"modificationTime":1717007130704,"dataChange":true,"stats":"{\"numRecords\":1,\"minValues\":{\"id\":60},\"maxValues\":{\"id\":60},\"nullCount\":{\"id\":0}}"}}
{"add":{"path":"part-00001-2436aab4-46ab-48c1-81cb-2293ba19a947-c000.snappy.parquet","partitionValues":{},"size":477,"modificationTime":1717007130704,"dataChange":true,"stats":"{\"numRecords\":1,\"minValues\":{\"id\":62},\"maxValues\":{\"id\":62},\"nullCount\":{\"id\":0}}"}}
{"add":{"path":"part-00002-b2abce7d-52a6-471f-8a30-778ebb1e25ab-c000.snappy.parquet","partitionValues":{},"size":478,"modificationTime":1717007130782,"dataChange":true,"stats":"{\"numRecords\":1,\"minValues\":{\"id\":63},\"maxValues\":{\"id\":63},\"nullCount\":{\"id\":0}}"}}
{"add":{"path":"part-00004-627ef2b7-4a6d-47d5-8b28-b2e1d19cbf3e-c000.snappy.parquet","partitionValues":{},"size":478,"modificationTime":1717007130778,"dataChange":true,"stats":"{\"numRecords\":1,\"minValues\":{\"id\":67},\"maxValues\":{\"id\":67},\"nullCount\":{\"id\":0}}"}}
{"add":{"path":"part-00005-92f6ced0-da72-468c-ab5e-84b1f33e519e-c000.snappy.parquet","partitionValues":{},"size":477,"modificationTime":1717007131191,"dataChange":true,"stats":"{\"numRecords\":1,\"minValues\":{\"id\":66},\"maxValues\":{\"id\":66},\"nullCount\":{\"id\":0}}"}}
{"add":{"path":"part-00006-d1fede6a-3f31-4f38-8a6e-a043f474f45b-c000.snappy.parquet","partitionValues":{},"size":478,"modificationTime":1717007131388,"dataChange":true,"stats":"{\"numRecords\":1,\"minValues\":{\"id\":65},\"maxValues\":{\"id\":65},\"nullCount\":{\"id\":0}}"}}
{"add":{"path":"part-00007-22f023fa-8e00-48cd-ab27-9fbd160d159c-c000.snappy.parquet","partitionValues":{},"size":478,"modificationTime":1717007131455,"dataChange":true,"stats":"{\"numRecords\":1,\"minValues\":{\"id\":64},\"maxValues\":{\"id\":64},\"nullCount\":{\"id\":0}}"}}
{"add":{"path":"part-00008-bfcdc7f8-e034-46be-8c3c-6e7644ff22a4-c000.snappy.parquet","partitionValues":{},"size":478,"modificationTime":1717007131474,"dataChange":true,"stats":"{\"numRecords\":1,\"minValues\":{\"id\":68},\"maxValues\":{\"id\":68},\"nullCount\":{\"id\":0}}"}}
{"add":{"path":"part-00009-edd82b98-1310-403d-8633-98f503b2ed1d-c000.snappy.parquet","partitionValues":{},"size":478,"modificationTime":1717007131555,"dataChange":true,"stats":"{\"numRecords\":1,\"minValues\":{\"id\":61},\"maxValues\":{\"id\":61},\"nullCount\":{\"id\":0}}"}}
