{"commitInfo":{"timestamp":1717007134283,"operation":"WRITE","operationParameters":{"mode":"Append","partitionBy":"[]"},"readVersion":6,"isolationLevel":"Serializable","isBlindAppend":true,"operationMetrics":{"numFiles":"9","numOutputRows":"9","numOutputBytes":"4302"},"engineInfo":"Apache-Spark/3.5.0 Delta-Lake/3.0.0+logging","txnId":"63b42f1d-5858-468e-91fa-4e7e88a2f245"}}
{"add":{"path":"part-00000-8e9d01c9-0223-42d7-aa7b-ecb68b1aa9c7-c000.snappy.parquet","partitionValues":{},"size":478,"modificationTime":1717007133869,"dataChange":true,"stats":"{\"numRecords\":1,\"minValues\":{\"id\":70},\"maxValues\":{\"id\":70},\"nullCount\":{\"id\":0}}"}}
{"add":{"path":"part-00001-f50d0b4b-75e7-435b-b01d-140ea26c62f3-c000.snappy.parquet","partitionValues":{},"size":478,"modificationTime":1717007133869,"dataChange":true,"stats":"{\"numRecords\":1,\"minValues\":{\"id\":72},\"maxValues\":{\"id\":72},\"nullCount\":{\"id\":0}}"}}
{"add":{"path":"part-00002-7f728f28-9879-46a5-9ff7-fe8601dfd5c3-c000.snappy.parquet","partitionValues":{},"size":478,"modificationTime":1717007133955,"dataChange":true,"stats":"{\"numRecords\":1,\"minValues\":{\"id\":71},\"maxValues\":{\"id\":71},\"nullCount\":{\"id\":0}}"}}
{"add":{"path":"part-00004-1bb39ca2-d7cd-44a3-8aeb-8ce37aba7321-c000.snappy.parquet","partitionValues":{},"size":478,"modificationTime":1717007133955,"dataChange":true,"stats":"{\"numRecords\":1,\"minValues\":{\"id\":74},\"maxValues\":{\"id\":74},\"nullCount\":{\"id\":0}}"}}
{"add":{"path":"part-00005-b47a9380-d93a-4520-b6b3-e817147dbac4-c000.snappy.parquet","partitionValues":{},"size":478,"modificationTime":1717007134026,"dataChange":true,"stats":"{\"numRecords\":1,\"minValues\":{\"id\":75},\"maxValues\":{\"id\":75},\"nullCount\":{\"id\":0}}"}}
{"add":{"path":"part-00006-4b5311e1-ab96-4087-94c9-377635afbd10-c000.snappy.parquet","partitionValues":{},"size":478,"modificationTime":1717007134026,"dataChange":true,"stats":"{\"numRecords\":1,\"minValues\":{\"id\":78},\"maxValues\":{\"id\":78},\"nullCount\":{\"id\":0}}"}}
{"add":{"path":"part-00007-09096175-8326-4ab1-b3d6-4118ab73b345-c000.snappy.parquet","partitionValues":{},"size":478,"modificationTime":1717007134124,"dataChange":true,"stats":"{\"numRecords\":1,\"minValues\":{\"id\":76},\"maxValues\":{\"id\":76},\"nullCount\":{\"id\":0}}"}}
{"add":{"path":"part-00008-041878c3-342d-4bb7-80c1-82d832cc8b09-c000.snappy.parquet","partitionValues":{},"size":478,"modificationTime":1717007134124,"dataChange":true,"stats":"{\"numRecords\":1,\"minValues\":{\"id\":77},\"maxValues\":{\"id\":77},\"nullCount\":{\"id\":0}}"}}
{"add":{"path":"part-00009-9f7c2de3-d246-4394-9936-0c5a2ef5e2fd-c000.snappy.parquet","partitionValues":{},"size":478,"modificationTime":1717007134236,"dataChange":true,"stats":"{\"numRecords\":1,\"minValues\":{\"id\":73},\"maxValues\":{\"id\":73},\"nullCount\":{\"id\":0}}"}}
