{"commitInfo":{"timestamp":1717007148991,"operation":"WRITE","operationParameters":{"mode":"Append","partitionBy":"[]"},"readVersion":11,"isolationLevel":"Serializable","isBlindAppend":true,"operationMetrics":{"numFiles":"9","numOutputRows":"9","numOutputBytes":"4302"},"engineInfo":"Apache-Spark/3.5.0 Delta-Lake/3.0.0+logging","txnId":"d24c6349-0a73-4d1b-9c64-0e81ce353915"}}
{"add":{"path":"part-00000-2d5d989f-9c68-4463-81e9-1ae4c0d85b04-c000.snappy.parquet","partitionValues":{},"size":478,"modificationTime":1717007148708,"dataChange":true,"stats":"{\"numRecords\":1,\"minValues\":{\"id\":120},\"maxValues\":{\"id\":120},\"nullCount\":{\"id\":0}}"}}
{"add":{"path":"part-00001-9a0c2ca4-35a4-4a45-81fc-6c3d7140606f-c000.snappy.parquet","partitionValues":{},"size":478,"modificationTime":1717007148708,"dataChange":true,"stats":"{\"numRecords\":1,\"minValues\":{\"id\":123},\"maxValues\":{\"id\":123},\"nullCount\":{\"id\":0}}"}}
{"add":{"path":"part-00002-018398d7-3f62-453b-9f4f-0ded0a91c191-c000.snappy.parquet","partitionValues":{},"size":478,"modificationTime":1717007148809,"dataChange":true,"stats":"{\"numRecords\":1,\"minValues\":{\"id\":121},\"maxValues\":{\"id\":121},\"nullCount\":{\"id\":0}}"}}
{"add":{"path":"part-00004-b0f2c649-9043-4249-8c21-05920fc982bc-c000.snappy.parquet","partitionValues":{},"size":478,"modificationTime":1717007148807,"dataChange":true,"stats":"{\"numRecords\":1,\"minValues\":{\"id\":128},\"maxValues\":{\"id\":128},\"nullCount\":{\"id\":0}}"}}
{"add":{"path":"part-00005-450ad95f-690a-4fad-9cf1-adbe6cf9e4ad-c000.snappy.parquet","partitionValues":{},"size":478,"modificationTime":1717007148874,"dataChange":true,"stats":"{\"numRecords\":1,\"minValues\":{\"id\":125},\"maxValues\":{\"id\":125},\"nullCount\":{\"id\":0}}"}}
{"add":{"path":"part-00006-156bbbc6-330d-474f-8fb5-b523c1474117-c000.snappy.parquet","partitionValues":{},"size":478,"modificationTime":1717007148868,"dataChange":true,"stats":"{\"numRecords\":1,\"minValues\":{\"id\":124},\"maxValues\":{\"id\":124},\"nullCount\":{\"id\":0}}"}}
{"add":{"path":"part-00007-13e4c73d-2d53-4d57-8b77-54655b297de8-c000.snappy.parquet","partitionValues":{},"size":478,"modificationTime":1717007148931,"dataChange":true,"stats":"{\"numRecords\":1,\"minValues\":{\"id\":126},\"maxValues\":{\"id\":126},\"nullCount\":{\"id\":0}}"}}
{"add":{"path":"part-00008-a4c50c25-ed8f-4f29-b18d-548301cbb423-c000.snappy.parquet","partitionValues":{},"size":478,"modificationTime":1717007148933,"dataChange":true,"stats":"{\"numRecords\":1,\"minValues\":{\"id\":127},\"maxValues\":{\"id\":127},\"nullCount\":{\"id\":0}}"}}
{"add":{"path":"part-00009-3263e45e-6546-45f8-96d1-30639679134e-c000.snappy.parquet","partitionValues":{},"size":478,"modificationTime":1717007148978,"dataChange":true,"stats":"{\"numRecords\":1,\"minValues\":{\"id\":122},\"maxValues\":{\"id\":122},\"nullCount\":{\"id\":0}}"}}
