{"commitInfo":{"timestamp":1717007136352,"operation":"WRITE","operationParameters":{"mode":"Append","partitionBy":"[]"},"readVersion":7,"isolationLevel":"Serializable","isBlindAppend":true,"operationMetrics":{"numFiles":"9","numOutputRows":"9","numOutputBytes":"4301"},"engineInfo":"Apache-Spark/3.5.0 Delta-Lake/3.0.0+logging","txnId":"94c95884-88bd-46de-bf63-84d67b2e0c61"}}
{"add":{"path":"part-00000-b279e7c3-c3e6-4f66-a5eb-fbb282746e74-c000.snappy.parquet","partitionValues":{},"size":478,"modificationTime":1717007136043,"dataChange":true,"stats":"{\"numRecords\":1,\"minValues\":{\"id\":80},\"maxValues\":{\"id\":80},\"nullCount\":{\"id\":0}}"}}
{"add":{"path":"part-00001-79bbb072-413a-4a13-8b6d-38ba0606a36b-c000.snappy.parquet","partitionValues":{},"size":478,"modificationTime":1717007136043,"dataChange":true,"stats":"{\"numRecords\":1,\"minValues\":{\"id\":82},\"maxValues\":{\"id\":82},\"nullCount\":{\"id\":0}}"}}
{"add":{"path":"part-00002-e2298c1c-d21e-4617-a8ba-efab5e1ab00a-c000.snappy.parquet","partitionValues":{},"size":478,"modificationTime":1717007136122,"dataChange":true,"stats":"{\"numRecords\":1,\"minValues\":{\"id\":81},\"maxValues\":{\"id\":81},\"nullCount\":{\"id\":0}}"}}
{"add":{"path":"part-00004-aae063ac-8fb9-47d4-81cd-16d5b749e9b5-c000.snappy.parquet","partitionValues":{},"size":478,"modificationTime":1717007136122,"dataChange":true,"stats":"{\"numRecords\":1,\"minValues\":{\"id\":87},\"maxValues\":{\"id\":87},\"nullCount\":{\"id\":0}}"}}
{"add":{"path":"part-00005-a05cc3ca-432a-4915-9ed8-d8706aee18d0-c000.snappy.parquet","partitionValues":{},"size":477,"modificationTime":1717007136190,"dataChange":true,"stats":"{\"numRecords\":1,\"minValues\":{\"id\":86},\"maxValues\":{\"id\":86},\"nullCount\":{\"id\":0}}"}}
{"add":{"path":"part-00006-c3bf0e9a-047e-4a20-a436-6b6a91b0827e-c000.snappy.parquet","partitionValues":{},"size":478,"modificationTime":1717007136188,"dataChange":true,"stats":"{\"numRecords\":1,\"minValues\":{\"id\":85},\"maxValues\":{\"id\":85},\"nullCount\":{\"id\":0}}"}}
{"add":{"path":"part-00007-a26d3f85-5779-44eb-89ef-f4808ca9ea4e-c000.snappy.parquet","partitionValues":{},"size":478,"modificationTime":1717007136243,"dataChange":true,"stats":"{\"numRecords\":1,\"minValues\":{\"id\":88},\"maxValues\":{\"id\":88},\"nullCount\":{\"id\":0}}"}}
{"add":{"path":"part-00008-b2a993e1-eb05-4624-90a0-ef31f6b935ad-c000.snappy.parquet","partitionValues":{},"size":478,"modificationTime":1717007136244,"dataChange":true,"stats":"{\"numRecords\":1,\"minValues\":{\"id\":84},\"maxValues\":{\"id\":84},\"nullCount\":{\"id\":0}}"}}
{"add":{"path":"part-00009-902c0ef4-1d61-4f1d-ba48-bceaf25b9c52-c000.snappy.parquet","partitionValues":{},"size":478,"modificationTime":1717007136341,"dataChange":true,"stats":"{\"numRecords\":1,\"minValues\":{\"id\":83},\"maxValues\":{\"id\":83},\"nullCount\":{\"id\":0}}"}}
