{"commitInfo":{"timestamp":1717007124546,"operation":"WRITE","operationParameters":{"mode":"Append","partitionBy":"[]"},"readVersion":2,"isolationLevel":"Serializable","isBlindAppend":true,"operationMetrics":{"numFiles":"9","numOutputRows":"9","numOutputBytes":"4301"},"engineInfo":"Apache-Spark/3.5.0 Delta-Lake/3.0.0+logging","txnId":"9277f685-6196-4906-9083-7dfe939f843c"}}
{"add":{"path":"part-00000-3bc7353a-da8d-4f16-b2fe-fd5f603450e4-c000.snappy.parquet","partitionValues":{},"size":478,"modificationTime":1717007124130,"dataChange":true,"stats":"{\"numRecords\":1,\"minValues\":{\"id\":31},\"maxValues\":{\"id\":31},\"nullCount\":{\"id\":0}}"}}
{"add":{"path":"part-00001-aaf50dc7-64c4-45a8-b014-fe1190feef1a-c000.snappy.parquet","partitionValues":{},"size":477,"modificationTime":1717007124131,"dataChange":true,"stats":"{\"numRecords\":1,\"minValues\":{\"id\":30},\"maxValues\":{\"id\":30},\"nullCount\":{\"id\":0}}"}}
{"add":{"path":"part-00002-9409c6f6-202d-4aa9-9462-4aa368ed189b-c000.snappy.parquet","partitionValues":{},"size":478,"modificationTime":1717007124193,"dataChange":true,"stats":"{\"numRecords\":1,\"minValues\":{\"id\":32},\"maxValues\":{\"id\":32},\"nullCount\":{\"id\":0}}"}}
{"add":{"path":"part-00004-7323bf3a-915e-4b86-80c3-dba380bdd958-c000.snappy.parquet","partitionValues":{},"size":478,"modificationTime":1717007124191,"dataChange":true,"stats":"{\"numRecords\":1,\"minValues\":{\"id\":38},\"maxValues\":{\"id\":38},\"nullCount\":{\"id\":0}}"}}
{"add":{"path":"part-00005-eb21cf83-fe7d-4e75-a79a-cbfafadc6b63-c000.snappy.parquet","partitionValues":{},"size":478,"modificationTime":1717007124311,"dataChange":true,"stats":"{\"numRecords\":1,\"minValues\":{\"id\":35},\"maxValues\":{\"id\":35},\"nullCount\":{\"id\":0}}"}}
{"add":{"path":"part-00006-656b29a2-b820-481b-a40f-795daf676b42-c000.snappy.parquet","partitionValues":{},"size":478,"modificationTime":1717007124313,"dataChange":true,"stats":"{\"numRecords\":1,\"minValues\":{\"id\":37},\"maxValues\":{\"id\":37},\"nullCount\":{\"id\":0}}"}}
{"add":{"path":"part-00007-55fdf3b4-90c8-469b-8859-ba3ac2a0402a-c000.snappy.parquet","partitionValues":{},"size":478,"modificationTime":1717007124452,"dataChange":true,"stats":"{\"numRecords\":1,\"minValues\":{\"id\":34},\"maxValues\":{\"id\":34},\"nullCount\":{\"id\":0}}"}}
{"add":{"path":"part-00008-38ac3d53-d6f9-4159-8948-99a689c8ca64-c000.snappy.parquet","partitionValues":{},"size":478,"modificationTime":1717007124458,"dataChange":true,"stats":"{\"numRecords\":1,\"minValues\":{\"id\":36},\"maxValues\":{\"id\":36},\"nullCount\":{\"id\":0}}"}}
{"add":{"path":"part-00009-99cb6ed4-3678-4584-beac-569b815689c6-c000.snappy.parquet","partitionValues":{},"size":478,"modificationTime":1717007124534,"dataChange":true,"stats":"{\"numRecords\":1,\"minValues\":{\"id\":33},\"maxValues\":{\"id\":33},\"nullCount\":{\"id\":0}}"}}
