{"commitInfo":{"timestamp":1717007126965,"operation":"WRITE","operationParameters":{"mode":"Append","partitionBy":"[]"},"readVersion":3,"isolationLevel":"Serializable","isBlindAppend":true,"operationMetrics":{"numFiles":"9","numOutputRows":"9","numOutputBytes":"4301"},"engineInfo":"Apache-Spark/3.5.0 Delta-Lake/3.0.0+logging","txnId":"ba48a161-8aaf-4c0d-b2d2-8b4a073eb45b"}}
{"add":{"path":"part-00000-2691e62d-ebb5-4660-a491-e101d0fb98a7-c000.snappy.parquet","partitionValues":{},"size":477,"modificationTime":1717007126610,"dataChange":true,"stats":"{\"numRecords\":1,\"minValues\":{\"id\":42},\"maxValues\":{\"id\":42},\"nullCount\":{\"id\":0}}"}}
{"add":{"path":"part-00001-3835a8ba-cde7-47b5-b2da-a5a82d4cfa68-c000.snappy.parquet","partitionValues":{},"size":478,"modificationTime":1717007126610,"dataChange":true,"stats":"{\"numRecords\":1,\"minValues\":{\"id\":41},\"maxValues\":{\"id\":41},\"nullCount\":{\"id\":0}}"}}
{"add":{"path":"part-00002-470155b2-a61b-46b8-b7a0-21cd44d7e5b1-c000.snappy.parquet","partitionValues":{},"size":478,"modificationTime":1717007126678,"dataChange":true,"stats":"{\"numRecords\":1,\"minValues\":{\"id\":40},\"maxValues\":{\"id\":40},\"nullCount\":{\"id\":0}}"}}
{"add":{"path":"part-00004-b0a78ec2-83ec-4e5c-92ec-cc5716de7b16-c000.snappy.parquet","partitionValues":{},"size":478,"modificationTime":1717007126676,"dataChange":true,"stats":"{\"numRecords\":1,\"minValues\":{\"id\":46},\"maxValues\":{\"id\":46},\"nullCount\":{\"id\":0}}"}}
{"add":{"path":"part-00005-5b47a213-3fad-4c94-9ef2-e84e6ea7d80c-c000.snappy.parquet","partitionValues":{},"size":478,"modificationTime":1717007126798,"dataChange":true,"stats":"{\"numRecords\":1,\"minValues\":{\"id\":44},\"maxValues\":{\"id\":44},\"nullCount\":{\"id\":0}}"}}
{"add":{"path":"part-00006-7d60f04e-6ec5-4b0b-8e58-d9911b064574-c000.snappy.parquet","partitionValues":{},"size":478,"modificationTime":1717007126800,"dataChange":true,"stats":"{\"numRecords\":1,\"minValues\":{\"id\":45},\"maxValues\":{\"id\":45},\"nullCount\":{\"id\":0}}"}}
{"add":{"path":"part-00007-83960510-d80f-467d-9438-628f96438a3a-c000.snappy.parquet","partitionValues":{},"size":478,"modificationTime":1717007126871,"dataChange":true,"stats":"{\"numRecords\":1,\"minValues\":{\"id\":48},\"maxValues\":{\"id\":48},\"nullCount\":{\"id\":0}}"}}
{"add":{"path":"part-00008-67ab953a-09dd-4c7e-b547-4f0195a6c7e9-c000.snappy.parquet","partitionValues":{},"size":478,"modificationTime":1717007126871,"dataChange":true,"stats":"{\"numRecords\":1,\"minValues\":{\"id\":47},\"maxValues\":{\"id\":47},\"nullCount\":{\"id\":0}}"}}
{"add":{"path":"part-00009-d6d8830f-1d01-4806-bded-7651def7e363-c000.snappy.parquet","partitionValues":{},"size":478,"modificationTime":1717007126953,"dataChange":true,"stats":"{\"numRecords\":1,\"minValues\":{\"id\":43},\"maxValues\":{\"id\":43},\"nullCount\":{\"id\":0}}"}}
