{"commitInfo":{"timestamp":1717007145941,"operation":"WRITE","operationParameters":{"mode":"Append","partitionBy":"[]"},"readVersion":10,"isolationLevel":"Serializable","isBlindAppend":true,"operationMetrics":{"numFiles":"9","numOutputRows":"9","numOutputBytes":"4301"},"engineInfo":"Apache-Spark/3.5.0 Delta-Lake/3.0.0+logging","txnId":"0bbbf572-b192-4752-8209-8d5d4dc79adf"}}
{"add":{"path":"part-00000-bb4c48ee-6d24-4c3f-90e3-5942020d558e-c000.snappy.parquet","partitionValues":{},"size":478,"modificationTime":1717007144631,"dataChange":true,"stats":"{\"numRecords\":1,\"minValues\":{\"id\":112},\"maxValues\":{\"id\":112},\"nullCount\":{\"id\":0}}"}}
{"add":{"path":"part-00001-cd9b7da1-9f8f-4730-9bb3-4df68174156e-c000.snappy.parquet","partitionValues":{},"size":478,"modificationTime":1717007144631,"dataChange":true,"stats":"{\"numRecords\":1,\"minValues\":{\"id\":111},\"maxValues\":{\"id\":111},\"nullCount\":{\"id\":0}}"}}
{"add":{"path":"part-00002-cf87eddf-c8f5-4837-a62c-8718df0b3cf7-c000.snappy.parquet","partitionValues":{},"size":478,"modificationTime":1717007144698,"dataChange":true,"stats":"{\"numRecords\":1,\"minValues\":{\"id\":110},\"maxValues\":{\"id\":110},\"nullCount\":{\"id\":0}}"}}
{"add":{"path":"part-00004-54a172b9-a41b-4ff3-8271-b20221b0e73c-c000.snappy.parquet","partitionValues":{},"size":478,"modificationTime":1717007144698,"dataChange":true,"stats":"{\"numRecords\":1,\"minValues\":{\"id\":116},\"maxValues\":{\"id\":116},\"nullCount\":{\"id\":0}}"}}
{"add":{"path":"part-00005-45b36022-5fd5-499a-bb4e-2a6dee15dbb5-c000.snappy.parquet","partitionValues":{},"size":478,"modificationTime":1717007144759,"dataChange":true,"stats":"{\"numRecords\":1,\"minValues\":{\"id\":117},\"maxValues\":{\"id\":117},\"nullCount\":{\"id\":0}}"}}
{"add":{"path":"part-00006-c81858fa-20c1-4bf0-9dea-ae7ede3b9523-c000.snappy.parquet","partitionValues":{},"size":478,"modificationTime":1717007144757,"dataChange":true,"stats":"{\"numRecords\":1,\"minValues\":{\"id\":114},\"maxValues\":{\"id\":114},\"nullCount\":{\"id\":0}}"}}
{"add":{"path":"part-00007-69bdaa67-8192-4a40-9dd3-b826cfce172b-c000.snappy.parquet","partitionValues":{},"size":477,"modificationTime":1717007144819,"dataChange":true,"stats":"{\"numRecords\":1,\"minValues\":{\"id\":118},\"maxValues\":{\"id\":118},\"nullCount\":{\"id\":0}}"}}
{"add":{"path":"part-00008-0f1fe8dc-affd-4bd3-8ade-cfb196d26194-c000.snappy.parquet","partitionValues":{},"size":478,"modificationTime":1717007144820,"dataChange":true,"stats":"{\"numRecords\":1,\"minValues\":{\"id\":115},\"maxValues\":{\"id\":115},\"nullCount\":{\"id\":0}}"}}
{"add":{"path":"part-00009-4679c4b2-12a8-4af7-ab32-8ba289fe9e4b-c000.snappy.parquet","partitionValues":{},"size":478,"modificationTime":1717007144883,"dataChange":true,"stats":"{\"numRecords\":1,\"minValues\":{\"id\":113},\"maxValues\":{\"id\":113},\"nullCount\":{\"id\":0}}"}}
