{"commitInfo":{"timestamp":1717007139954,"operation":"WRITE","operationParameters":{"mode":"Append","partitionBy":"[]"},"readVersion":9,"isolationLevel":"Serializable","isBlindAppend":true,"operationMetrics":{"numFiles":"9","numOutputRows":"9","numOutputBytes":"4302"},"engineInfo":"Apache-Spark/3.5.0 Delta-Lake/3.0.0+logging","txnId":"063e4e23-ec0c-4470-ae20-5f65d5bd2746"}}
{"add":{"path":"part-00000-dabffbf7-b87f-45e7-8417-45ea9f51c992-c000.snappy.parquet","partitionValues":{},"size":478,"modificationTime":1717007139581,"dataChange":true,"stats":"{\"numRecords\":1,\"minValues\":{\"id\":103},\"maxValues\":{\"id\":103},\"nullCount\":{\"id\":0}}"}}
{"add":{"path":"part-00001-f6d2209a-cd0d-4fea-9a6b-b0c3e18d422b-c000.snappy.parquet","partitionValues":{},"size":478,"modificationTime":1717007139581,"dataChange":true,"stats":"{\"numRecords\":1,\"minValues\":{\"id\":100},\"maxValues\":{\"id\":100},\"nullCount\":{\"id\":0}}"}}
{"add":{"path":"part-00002-23fce32a-6efe-4eb7-82ff-2ae4ff9b09ff-c000.snappy.parquet","partitionValues":{},"size":478,"modificationTime":1717007139718,"dataChange":true,"stats":"{\"numRecords\":1,\"minValues\":{\"id\":102},\"maxValues\":{\"id\":102},\"nullCount\":{\"id\":0}}"}}
{"add":{"path":"part-00004-2106ba90-45c5-4e43-8144-9efea1a771a6-c000.snappy.parquet","partitionValues":{},"size":478,"modificationTime":1717007139718,"dataChange":true,"stats":"{\"numRecords\":1,\"minValues\":{\"id\":104},\"maxValues\":{\"id\":104},\"nullCount\":{\"id\":0}}"}}
{"add":{"path":"part-00005-ca591e80-206b-4d93-ac4d-eb89dc93962f-c000.snappy.parquet","partitionValues":{},"size":478,"modificationTime":1717007139813,"dataChange":true,"stats":"{\"numRecords\":1,\"minValues\":{\"id\":108},\"maxValues\":{\"id\":108},\"nullCount\":{\"id\":0}}"}}
{"add":{"path":"part-00006-dba9a06d-a359-4232-80d5-26d0c5f3cd86-c000.snappy.parquet","partitionValues":{},"size":478,"modificationTime":1717007139813,"dataChange":true,"stats":"{\"numRecords\":1,\"minValues\":{\"id\":105},\"maxValues\":{\"id\":105},\"nullCount\":{\"id\":0}}"}}
{"add":{"path":"part-00007-dd231ff6-e3cb-481f-85b1-c3915a34a00b-c000.snappy.parquet","partitionValues":{},"size":478,"modificationTime":1717007139873,"dataChange":true,"stats":"{\"numRecords\":1,\"minValues\":{\"id\":106},\"maxValues\":{\"id\":106},\"nullCount\":{\"id\":0}}"}}
{"add":{"path":"part-00008-a3599e27-90d6-4dd3-8796-47f58e69e57e-c000.snappy.parquet","partitionValues":{},"size":478,"modificationTime":1717007139871,"dataChange":true,"stats":"{\"numRecords\":1,\"minValues\":{\"id\":107},\"maxValues\":{\"id\":107},\"nullCount\":{\"id\":0}}"}}
{"add":{"path":"part-00009-21c0cbf7-13cc-43d9-9324-1205ac554058-c000.snappy.parquet","partitionValues":{},"size":478,"modificationTime":1717007139932,"dataChange":true,"stats":"{\"numRecords\":1,\"minValues\":{\"id\":101},\"maxValues\":{\"id\":101},\"nullCount\":{\"id\":0}}"}}
