{"commitInfo":{"timestamp":1717007152957,"operation":"WRITE","operationParameters":{"mode":"Append","partitionBy":"[]"},"readVersion":13,"isolationLevel":"Serializable","isBlindAppend":true,"operationMetrics":{"numFiles":"9","numOutputRows":"9","numOutputBytes":"4301"},"engineInfo":"Apache-Spark/3.5.0 Delta-Lake/3.0.0+logging","txnId":"f3aea561-4147-4397-b8cf-582b98d2626f"}}
{"add":{"path":"part-00000-8b961a70-695c-4e34-b6e4-dcef63e0e228-c000.snappy.parquet","partitionValues":{},"size":478,"modificationTime":1717007152653,"dataChange":true,"stats":"{\"numRecords\":1,\"minValues\":{\"id\":141},\"maxValues\":{\"id\":141},\"nullCount\":{\"id\":0}}"}}
{"add":{"path":"part-00001-d9084c4f-246b-43d5-af97-5af0972e2fe8-c000.snappy.parquet","partitionValues":{},"size":478,"modificationTime":1717007152654,"dataChange":true,"stats":"{\"numRecords\":1,\"minValues\":{\"id\":143},\"maxValues\":{\"id\":143},\"nullCount\":{\"id\":0}}"}}
{"add":{"path":"part-00002-51c6af9c-7434-440e-88ac-0b9f84c220cf-c000.snappy.parquet","partitionValues":{},"size":478,"modificationTime":1717007152711,"dataChange":true,"stats":"{\"numRecords\":1,\"minValues\":{\"id\":142},\"maxValues\":{\"id\":142},\"nullCount\":{\"id\":0}}"}}
{"add":{"path":"part-00004-50c4aad8-47d3-4c92-84e6-84886b86e35d-c000.snappy.parquet","partitionValues":{},"size":477,"modificationTime":1717007152713,"dataChange":true,"stats":"{\"numRecords\":1,\"minValues\":{\"id\":146},\"maxValues\":{\"id\":146},\"nullCount\":{\"id\":0}}"}}
{"add":{"path":"part-00005-3ec480fe-d923-4f90-95d8-2120c54efe18-c000.snappy.parquet","partitionValues":{},"size":478,"modificationTime":1717007152768,"dataChange":true,"stats":"{\"numRecords\":1,\"minValues\":{\"id\":147},\"maxValues\":{\"id\":147},\"nullCount\":{\"id\":0}}"}}
{"add":{"path":"part-00006-ed826714-c3a8-463f-be9f-d5b05fa34316-c000.snappy.parquet","partitionValues":{},"size":478,"modificationTime":1717007152770,"dataChange":true,"stats":"{\"numRecords\":1,\"minValues\":{\"id\":148},\"maxValues\":{\"id\":148},\"nullCount\":{\"id\":0}}"}}
{"add":{"path":"part-00007-38e44b9a-1435-4f65-bc98-1d2b743e4d5d-c000.snappy.parquet","partitionValues":{},"size":478,"modificationTime":1717007152826,"dataChange":true,"stats":"{\"numRecords\":1,\"minValues\":{\"id\":145},\"maxValues\":{\"id\":145},\"nullCount\":{\"id\":0}}"}}
{"add":{"path":"part-00008-d3dc328f-72e6-46bd-b301-44b2256ee543-c000.snappy.parquet","partitionValues":{},"size":478,"modificationTime":1717007152827,"dataChange":true,"stats":"{\"numRecords\":1,\"minValues\":{\"id\":144},\"maxValues\":{\"id\":144},\"nullCount\":{\"id\":0}}"}}
{"add":{"path":"part-00009-523834e1-b6f9-47fa-adc7-dd40a7f6695a-c000.snappy.parquet","partitionValues":{},"size":478,"modificationTime":1717007152937,"dataChange":true,"stats":"{\"numRecords\":1,\"minValues\":{\"id\":140},\"maxValues\":{\"id\":140},\"nullCount\":{\"id\":0}}"}}
