{"commitInfo":{"timestamp":1717007118943,"operation":"WRITE","operationParameters":{"mode":"Append","partitionBy":"[]"},"readVersion":0,"isolationLevel":"Serializable","isBlindAppend":true,"operationMetrics":{"numFiles":"9","numOutputRows":"9","numOutputBytes":"4301"},"engineInfo":"Apache-Spark/3.5.0 Delta-Lake/3.0.0+logging","txnId":"070ac8d3-ec34-42e3-99df-5afcd6e3c05f"}}
{"add":{"path":"part-00000-15ff7239-84ec-4ad3-85aa-48af0cad9d0a-c000.snappy.parquet","partitionValues":{},"size":478,"modificationTime":1717007118160,"dataChange":true,"stats":"{\"numRecords\":1,\"minValues\":{\"id\":13},\"maxValues\":{\"id\":13},\"nullCount\":{\"id\":0}}"}}
{"add":{"path":"part-00001-b818b45f-aea7-4e7c-b6d6-c72104c59906-c000.snappy.parquet","partitionValues":{},"size":477,"modificationTime":1717007118160,"dataChange":true,"stats":"{\"numRecords\":1,\"minValues\":{\"id\":10},\"maxValues\":{\"id\":10},\"nullCount\":{\"id\":0}}"}}
{"add":{"path":"part-00002-dc46fa36-62de-497b-b920-01e3ac8b3134-c000.snappy.parquet","partitionValues":{},"size":478,"modificationTime":1717007118461,"dataChange":true,"stats":"{\"numRecords\":1,\"minValues\":{\"id\":12},\"maxValues\":{\"id\":12},\"nullCount\":{\"id\":0}}"}}
{"add":{"path":"part-00004-c00c986b-0858-43ad-8e28-9373f1165948-c000.snappy.parquet","partitionValues":{},"size":478,"modificationTime":1717007118461,"dataChange":true,"stats":"{\"numRecords\":1,\"minValues\":{\"id\":14},\"maxValues\":{\"id\":14},\"nullCount\":{\"id\":0}}"}}
{"add":{"path":"part-00005-cc523cf0-4cbd-4ec7-8821-b9d5fa041f4b-c000.snappy.parquet","partitionValues":{},"size":478,"modificationTime":1717007118613,"dataChange":true,"stats":"{\"numRecords\":1,\"minValues\":{\"id\":15},\"maxValues\":{\"id\":15},\"nullCount\":{\"id\":0}}"}}
{"add":{"path":"part-00006-22c45c1c-d002-4118-b406-4f85dacdb8fd-c000.snappy.parquet","partitionValues":{},"size":478,"modificationTime":1717007118613,"dataChange":true,"stats":"{\"numRecords\":1,\"minValues\":{\"id\":16},\"maxValues\":{\"id\":16},\"nullCount\":{\"id\":0}}"}}
{"add":{"path":"part-00007-5cf2efd0-a747-4017-80ee-aafcfb206844-c000.snappy.parquet","partitionValues":{},"size":478,"modificationTime":1717007118758,"dataChange":true,"stats":"{\"numRecords\":1,\"minValues\":{\"id\":18},\"maxValues\":{\"id\":18},\"nullCount\":{\"id\":0}}"}}
{"add":{"path":"part-00008-32c3499a-f743-4533-84d4-1837498f9c6f-c000.snappy.parquet","partitionValues":{},"size":478,"modificationTime":1717007118758,"dataChange":true,"stats":"{\"numRecords\":1,\"minValues\":{\"id\":17},\"maxValues\":{\"id\":17},\"nullCount\":{\"id\":0}}"}}
{"add":{"path":"part-00009-34412d2e-02f5-47f4-a183-58ed4466fd70-c000.snappy.parquet","partitionValues":{},"size":478,"modificationTime":1717007118918,"dataChange":true,"stats":"{\"numRecords\":1,\"minValues\":{\"id\":11},\"maxValues\":{\"id\":11},\"nullCount\":{\"id\":0}}"}}
